Microchip MPLAB XC8 Compiler V2.10 ()

Linker command line:

-W-3 --edf=C:\Program Files (x86)\Microchip\xc8\v2.10\pic\dat\en_msgs.txt \
  -cs -h+dist/default/production\projeto_mpu.X.production.sym \
  --cmf=dist/default/production\projeto_mpu.X.production.cmf -z -Q18F4550 \
  -oC:\Users\ASUS\AppData\Local\Temp\s1fk.2 --defsym=__MPLAB_BUILD=1 \
  -Mdist/default/production/projeto_mpu.X.production.map -E1 -ver=XC8 \
  --acfsm=1493 -ASTACK=0185h-07FFh -pstack=STACK -ACODE=00h-07FFFh \
  -ACONST=00h-07FFFh -ASMALLCONST=0800h-08FFhx120 \
  -AMEDIUMCONST=0800h-07FFFh -ACOMRAM=01h-05Fh -AABS1=00h-07FFh \
  -ABIGRAM=01h-07FFh -ARAM=060h-0FFh,0100h-01FFhx7 -ABANK0=060h-0FFh \
  -ABANK1=0100h-01FFh -ABANK2=0200h-02FFh -ABANK3=0300h-03FFh \
  -ABANK4=0400h-04FFh -ABANK5=0500h-05FFh -ABANK6=0600h-06FFh \
  -ABANK7=0700h-07FFh -ASFR=0F60h-0FFFh \
  -preset_vec=00h,intcode=08h,intcodelo,powerup,init -pramtop=0800h \
  -psmallconst=SMALLCONST -pmediumconst=MEDIUMCONST -pconst=CONST \
  -AFARRAM=00h-00h -ACONFIG=0300000h-030000Dh -pconfig=CONFIG \
  -AIDLOC=0200000h-0200007h -pidloc=IDLOC -AEEDATA=0F00000h-0F000FFh \
  -peeprom_data=EEDATA \
  -prdata=COMRAM,nvrram=COMRAM,nvbit=COMRAM,rbss=COMRAM,rbit=COMRAM \
  -pfarbss=FARRAM,fardata=FARRAM,nvFARRAM=FARRAM \
  -pintsave_regs=BIGRAM,bigbss=BIGRAM,bigdata=BIGRAM -pbss=RAM \
  -pidata=CODE,irdata=CODE,ibigdata=CODE,ifardata=CODE -prparam=COMRAM \
  C:\Users\ASUS\AppData\Local\Temp\s1fk.o \
  dist/default/production\projeto_mpu.X.production.o 

Object code version is 3.11

Machine type is 18F4550

Call graph: (short form)




                Name                               Link     Load   Length Selector   Space Scale
C:\Users\ASUS\AppData\Local\Temp\s1fk.o
                init                                  E        E        4        4       0
                reset_vec                             0        0        4        0       0
                idloc                            200000   200000        8   200000       0
                config                           300000   300000        E   300000       0
dist/default/production\projeto_mpu.X.production.o
                intcode                               8        8        6        4       0
                temp                                 5C       5C        1        1       1
                smallconst                          800      800       36      400       0
                text57                             476C     476C       84      41B       0
                intcode_body                       4D46     4D46       1A      41B       0
                text55                             4D78     4D78       18      41B       0
                text54                             4DF6     4DF6       12      41B       0
                text53                             4D24     4D24       22      41B       0
                text52                             4DA6     4DA6       16      41B       0
                text51                             4A9E     4A9E       44      41B       0
                text50                             46D0     46D0       9C      41B       0
                text49                             35FE     35FE      1B4      41B       0
                text48                             1E9A     1E9A      4C0      41B       0
                text47                             2B76     2B76      39A      41B       0
                text46                             235A     235A      42A      41B       0
                text45                             3AC6     3AC6      172      41B       0
                text44                             4C0C     4C0C       38      41B       0
                text43                             4A14     4A14       46      41B       0
                text42                             4C7A     4C7A       34      41B       0
                text41                             3FAA     3FAA      104      41B       0
                text40                             4D02     4D02       22      41B       0
                text39                             19D8     19D8      4C2      41B       0
                text38                             2784     2784      3F2      41B       0
                text37                             4CAE     4CAE       2E      41B       0
                text36                             4DD0     4DD0       14      41B       0
                text35                             4DBC     4DBC       14      41B       0
                text34                             4B62     4B62       3A      41B       0
                text33                             3D9C     3D9C      108      41B       0
                text32                             4D60     4D60       18      41B       0
                text31                             4CDC     4CDC       26      41B       0
                text30                             4BD4     4BD4       38      41B       0
                text29                             49C2     49C2       52      41B       0
                text28                             3406     3406      1F8      41B       0
                text27                             393E     393E      188      41B       0
                text26                             3C38     3C38      164      41B       0
                text25                             4B22     4B22       40      41B       0
                text24                             4E0E     4E0E        2      41B       0
                text23                             4282     4282       CA      41B       0
                text22                             4A5A     4A5A       44      41B       0
                text21                             4C44     4C44       36      41B       0
                text20                             4410     4410       C2      41B       0
                text19                             2F10     2F10      2E0      41B       0
                text18                             434C     434C       C4      41B       0
                text17                             44D2     44D2       B0      41B       0
                text16                             4582     4582       AA      41B       0
                text15                             3EA4     3EA4      106      41B       0
                text14                             40AE     40AE       FE      41B       0
                text13                             31F0     31F0      216      41B       0
                text12                             4914     4914       5C      41B       0
                text11                             4B9C     4B9C       38      41B       0
                text10                             48B4     48B4       60      41B       0
                text9                               836      836      BB2      41B       0
                text8                              41AC     41AC       D6      41B       0
                text7                              13E8     13E8      5F0      41B       0
                text6                              4852     4852       62      41B       0
                text5                              4970     4970       52      41B       0
                text4                              4D90     4D90       16      41B       0
                text3                              4AE2     4AE2       40      41B       0
                text2                              4DE4     4DE4       12      41B       0
                text1                              462C     462C       A4      41B       0
                text0                              37B2     37B2      18C      41B       0
                cstackCOMRAM                          1        1       59        1       1
                cstackBANK0                          60       60       91       60       1
                cstackBANK1                         17B      17B        6      100       1
                dataBANK1                           181      181        4      100       1
                bssBANK1                            100      100       7B      100       1
                dataBANK0                            F9       F9        2       60       1
                bssBANK0                             F1       F1        8       60       1
                bssCOMRAM                            5A       5A        2        1       1
                cinit                              47F0     47F0       62      41B       0
                idataBANK1                         4E08     4E08        4      41B       0
                idataBANK0                         4E0C     4E0C        2      41B       0

TOTAL           Name                               Link     Load   Length     Space
        CLASS   STACK          

        CLASS   CODE           
                intcode                               8        8        6         0
                init                                  E        E        4         0
                reset_vec                             0        0        4         0
                text57                             476C     476C       84         0
                intcode_body                       4D46     4D46       1A         0
                text55                             4D78     4D78       18         0
                text54                             4DF6     4DF6       12         0
                text53                             4D24     4D24       22         0
                text52                             4DA6     4DA6       16         0
                text51                             4A9E     4A9E       44         0
                text50                             46D0     46D0       9C         0
                text49                             35FE     35FE      1B4         0
                text48                             1E9A     1E9A      4C0         0
                text47                             2B76     2B76      39A         0
                text46                             235A     235A      42A         0
                text45                             3AC6     3AC6      172         0
                text44                             4C0C     4C0C       38         0
                text43                             4A14     4A14       46         0
                text42                             4C7A     4C7A       34         0
                text41                             3FAA     3FAA      104         0
                text40                             4D02     4D02       22         0
                text39                             19D8     19D8      4C2         0
                text38                             2784     2784      3F2         0
                text37                             4CAE     4CAE       2E         0
                text36                             4DD0     4DD0       14         0
                text35                             4DBC     4DBC       14         0
                text34                             4B62     4B62       3A         0
                text33                             3D9C     3D9C      108         0
                text32                             4D60     4D60       18         0
                text31                             4CDC     4CDC       26         0
                text30                             4BD4     4BD4       38         0
                text29                             49C2     49C2       52         0
                text28                             3406     3406      1F8         0
                text27                             393E     393E      188         0
                text26                             3C38     3C38      164         0
                text25                             4B22     4B22       40         0
                text24                             4E0E     4E0E        2         0
                text23                             4282     4282       CA         0
                text22                             4A5A     4A5A       44         0
                text21                             4C44     4C44       36         0
                text20                             4410     4410       C2         0
                text19                             2F10     2F10      2E0         0
                text18                             434C     434C       C4         0
                text17                             44D2     44D2       B0         0
                text16                             4582     4582       AA         0
                text15                             3EA4     3EA4      106         0
                text14                             40AE     40AE       FE         0
                text13                             31F0     31F0      216         0
                text12                             4914     4914       5C         0
                text11                             4B9C     4B9C       38         0
                text10                             48B4     48B4       60         0
                text9                               836      836      BB2         0
                text8                              41AC     41AC       D6         0
                text7                              13E8     13E8      5F0         0
                text6                              4852     4852       62         0
                text5                              4970     4970       52         0
                text4                              4D90     4D90       16         0
                text3                              4AE2     4AE2       40         0
                text2                              4DE4     4DE4       12         0
                text1                              462C     462C       A4         0
                text0                              37B2     37B2      18C         0
                cinit                              47F0     47F0       62         0
                idataBANK1                         4E08     4E08        4         0
                idataBANK0                         4E0C     4E0C        2         0

        CLASS   CONST          

        CLASS   SMALLCONST     
                smallconst                          800      800       36         0

        CLASS   MEDIUMCONST    

        CLASS   COMRAM         
                temp                                 5C       5C        1         1
                cstackCOMRAM                          1        1       59         1
                bssCOMRAM                            5A       5A        2         1

        CLASS   ABS1           

        CLASS   BIGRAM         

        CLASS   RAM            

        CLASS   BANK0          
                cstackBANK0                          60       60       91         1
                dataBANK0                            F9       F9        2         1
                bssBANK0                             F1       F1        8         1

        CLASS   BANK1          
                cstackBANK1                         17B      17B        6         1
                dataBANK1                           181      181        4         1
                bssBANK1                            100      100       7B         1

        CLASS   BANK2          

        CLASS   BANK3          

        CLASS   BANK4          

        CLASS   BANK5          

        CLASS   BANK6          

        CLASS   BANK7          

        CLASS   SFR            

        CLASS   FARRAM         

        CLASS   CONFIG         
                config                           300000   300000        E         0

        CLASS   IDLOC          
                idloc                            200000   200000        8         0

        CLASS   EEDATA         



SEGMENTS        Name                           Load    Length   Top    Selector   Space  Class

                reset_vec                      000000  000004  000004         0       0  CODE    
                cstackCOMRAM                   000001  00005C  00005D         1       1  COMRAM  
                intcode                        000008  00000A  000012         4       0  CODE    
                cstackBANK0                    000060  00009B  0000FB        60       1  BANK0   
                bssBANK1                       000100  000085  000185       100       1  BANK1   
                smallconst                     000800  000036  000836       400       0  SMALLCON
                text9                          000836  0045DA  004E10       41B       0  CODE    
                idloc                          200000  000008  200008    200000       0  IDLOC   
                config                         300000  00000E  30000E    300000       0  CONFIG  


UNUSED ADDRESS RANGES

        Name                Unused          Largest block    Delta
        BANK0            0000FB-0000FF                5
        BANK1            000185-0001FF               7B
        BANK2            000200-0002FF              100
        BANK3            000300-0003FF              100
        BANK4            000400-0004FF              100
        BANK5            000500-0005FF              100
        BANK6            000600-0006FF              100
        BANK7            000700-0007FF              100
        BIGRAM           00005D-00005F                3
                         0000FB-0000FF                5
                         000185-0007FF              67B
        CODE             000004-000007                4
                         000012-0007FF              7EE
                         004E10-007FFF             31F0
        COMRAM           00005D-00005F                3
        CONST            000004-000007                4
                         000012-0007FF              7EE
                         004E10-007FFF             31F0
        EEDATA           F00000-F000FF              100
        MEDIUMCONST      004E10-007FFF             31F0
        RAM              0000FB-0000FF                5
                         000185-0007FF              100
        SFR              000F60-000FFF               A0
        SMALLCONST       004E10-007FFF              100
        STACK            000185-0007FF              67B

                                  Symbol Table

?_R                           cstackCOMRAM 000056
?___aodiv                     cstackCOMRAM 000004
?___aomod                     cstackCOMRAM 000004
?___awdiv                     cstackCOMRAM 000004
?___awmod                     cstackCOMRAM 000004
?___fladd                     cstackCOMRAM 000025
?___fldiv                     cstackCOMRAM 00003D
?___flmul                     cstackCOMRAM 00000C
?___flneg                     cstackCOMRAM 000004
?___flsub                     cstackCOMRAM 000035
?___fltol                     cstackCOMRAM 000004
?___fpclassifyf               cstackCOMRAM 000004
?___wmul                      cstackCOMRAM 000004
?___xxtofl                    cstackCOMRAM 000004
?_abs                         cstackCOMRAM 000016
?_asinf                       cstackBANK0  000088
?_atoi                        cstackCOMRAM 00000B
?_dtoa                        cstackCOMRAM 00001F
?_efgtoa                      cstackBANK0  000070
?_fabsf                       cstackCOMRAM 000004
?_floorf                      cstackCOMRAM 000056
?_isdigit                     cstackCOMRAM 000004
?_isspace                     cstackCOMRAM 000004
?_isupper                     cstackCOMRAM 000004
?_mpu_ler                     cstackBANK0  0000B4
?_nanf                        cstackCOMRAM 000004
?_pad                         cstackCOMRAM 000014
?_sprintf                     cstackBANK0  0000DC
?_sqrtf                       cstackCOMRAM 000035
?_strlen                      cstackCOMRAM 000004
?_strncmp                     cstackCOMRAM 000004
?_tolower                     cstackCOMRAM 00000A
?_uart_ler_string             cstackCOMRAM 00001A
?_vfpfcnvrt                   cstackBANK0  0000B4
?_vfprintf                    cstackBANK0  0000D4
R@p                           cstackBANK0  000060
R@q                           cstackBANK0  000064
R@z                           cstackCOMRAM 000056
_ACKDT                        (abs)        007E2D
_ACKEN                        (abs)        007E2C
_ACKSTAT                      (abs)        007E2E
_ADCON1                       (abs)        000FC1
_BF                           (abs)        007E38
_CREN                         (abs)        007D5C
_GIE                          (abs)        007F97
_PEIE                         (abs)        007F96
_PEN                          (abs)        007E2A
_PORTB                        (abs)        000F81
_R                            text45       003AC6
_R$1407                       cstackBANK0  000068
_R$1408                       cstackBANK0  00006C
_RCEN                         (abs)        007E2B
_RCIF                         (abs)        007CF5
_RCREG                        (abs)        000FAE
_RCSTA                        (abs)        000FAB
_RSEN                         (abs)        007E29
_SEN                          (abs)        007E28
_SPBRG                        (abs)        000FAF
_SSPADD                       (abs)        000FC8
_SSPBUF                       (abs)        000FC9
_SSPCON1                      (abs)        000FC6
_SSPCON2                      (abs)        000FC5
_SSPCON2bits                  (abs)        000FC5
_SSPIF                        (abs)        007CF3
_SSPSTAT                      (abs)        000FC7
_SSPSTATbits                  (abs)        000FC7
_T0CON                        (abs)        000FD5
_TMR0H                        (abs)        000FD7
_TMR0IE                       (abs)        007F95
_TMR0IF                       (abs)        007F92
_TMR0L                        (abs)        000FD6
_TRISB                        (abs)        000F93
_TRISB0                       (abs)        007C98
_TRISB1                       (abs)        007C99
_TRISC6                       (abs)        007C16
_TRISC7                       (abs)        007CA7
_TRMT                         (abs)        007D61
_TXREG                        (abs)        000FAD
_TXSTA                        (abs)        000FAC
__CFG_BOR$OFF                 (abs)        000000
__CFG_BORV$0                  (abs)        000000
__CFG_FOSC$HS                 (abs)        000000
__CFG_LVP$OFF                 (abs)        000000
__CFG_MCLRE$OFF               (abs)        000000
__CFG_PWRT$OFF                (abs)        000000
__CFG_WDT$OFF                 (abs)        000000
__HRAM                        (abs)        000000
__Habs1                       abs1         000000
__Hbank0                      bank0        000000
__Hbank1                      bank1        000000
__Hbank2                      bank2        000000
__Hbank3                      bank3        000000
__Hbank4                      bank4        000000
__Hbank5                      bank5        000000
__Hbank6                      bank6        000000
__Hbank7                      bank7        000000
__Hbigbss                     bigbss       000000
__Hbigdata                    bigdata      000000
__Hbigram                     bigram       000000
__Hbss                        bss          000000
__HbssBANK0                   bssBANK0     000000
__HbssBANK1                   bssBANK1     000000
__HbssCOMRAM                  bssCOMRAM    000000
__Hcinit                      cinit        000000
__Hclrtext                    clrtext      000000
__Hcomram                     comram       000000
__Hconfig                     config       30000E
__Hconst                      const        000000
__HcstackBANK0                cstackBANK0  000000
__HcstackBANK1                cstackBANK1  000000
__HcstackCOMRAM               cstackCOMRAM 000000
__Hdata                       data         000000
__HdataBANK0                  dataBANK0    000000
__HdataBANK1                  dataBANK1    000000
__Heeprom_data                eeprom_data  000000
__Hfarbss                     farbss       000000
__Hfardata                    fardata      000000
__Hibigdata                   ibigdata     000000
__Hidata                      idata        000000
__HidataBANK0                 idataBANK0   000000
__HidataBANK1                 idataBANK1   000000
__Hidloc                      idloc        200008
__Hifardata                   ifardata     000000
__Hinit                       init         000012
__Hintcode                    intcode      00000E
__Hintcode_body               intcode_body 000000
__Hintcodelo                  intcodelo    00000E
__Hintentry                   intentry     000000
__Hintret                     intret       000000
__Hintsave_regs               intsave_regs 000000
__Hirdata                     irdata       000000
__Hmediumconst                mediumconst  000000
__HnvFARRAM                   nvFARRAM     000000
__Hnvbit                      nvbit        000000
__Hnvrram                     nvrram       000000
__Hparam                      rparam       000000
__Hpowerup                    powerup      00000E
__Hram                        ram          000000
__Hramtop                     ramtop       000800
__Hrbit                       rbit         000000
__Hrbss                       rbss         000000
__Hrdata                      rdata        000000
__Hreset_vec                  reset_vec    000004
__Hrparam                     rparam       000000
__Hsfr                        sfr          000000
__Hsmallconst                 smallconst   000836
__Hspace_0                    (abs)        30000E
__Hspace_1                    (abs)        000185
__Hspace_2                    (abs)        000000
__Hstack                      stack        000000
__Hstruct                     struct       000000
__Htemp                       temp         00005D
__Htext                       text         000000
__Htext0                      text0        000000
__Htext1                      text1        000000
__Htext10                     text10       000000
__Htext11                     text11       000000
__Htext12                     text12       000000
__Htext13                     text13       000000
__Htext14                     text14       000000
__Htext15                     text15       000000
__Htext16                     text16       000000
__Htext17                     text17       000000
__Htext18                     text18       000000
__Htext19                     text19       000000
__Htext2                      text2        000000
__Htext20                     text20       000000
__Htext21                     text21       000000
__Htext22                     text22       000000
__Htext23                     text23       000000
__Htext24                     text24       000000
__Htext25                     text25       000000
__Htext26                     text26       000000
__Htext27                     text27       000000
__Htext28                     text28       000000
__Htext29                     text29       000000
__Htext3                      text3        000000
__Htext30                     text30       000000
__Htext31                     text31       000000
__Htext32                     text32       000000
__Htext33                     text33       000000
__Htext34                     text34       000000
__Htext35                     text35       000000
__Htext36                     text36       000000
__Htext37                     text37       000000
__Htext38                     text38       000000
__Htext39                     text39       000000
__Htext4                      text4        000000
__Htext40                     text40       000000
__Htext41                     text41       000000
__Htext42                     text42       000000
__Htext43                     text43       000000
__Htext44                     text44       000000
__Htext45                     text45       000000
__Htext46                     text46       000000
__Htext47                     text47       000000
__Htext48                     text48       000000
__Htext49                     text49       000000
__Htext5                      text5        000000
__Htext50                     text50       000000
__Htext51                     text51       000000
__Htext52                     text52       000000
__Htext53                     text53       000000
__Htext54                     text54       000000
__Htext55                     text55       000000
__Htext57                     text57       000000
__Htext6                      text6        000000
__Htext7                      text7        000000
__Htext8                      text8        000000
__Htext9                      text9        000000
__LRAM                        (abs)        000001
__Labs1                       abs1         000000
__Lbank0                      bank0        000000
__Lbank1                      bank1        000000
__Lbank2                      bank2        000000
__Lbank3                      bank3        000000
__Lbank4                      bank4        000000
__Lbank5                      bank5        000000
__Lbank6                      bank6        000000
__Lbank7                      bank7        000000
__Lbigbss                     bigbss       000000
__Lbigdata                    bigdata      000000
__Lbigram                     bigram       000000
__Lbss                        bss          000000
__LbssBANK0                   bssBANK0     000000
__LbssBANK1                   bssBANK1     000000
__LbssCOMRAM                  bssCOMRAM    000000
__Lcinit                      cinit        000000
__Lclrtext                    clrtext      000000
__Lcomram                     comram       000000
__Lconfig                     config       300000
__Lconst                      const        000000
__LcstackBANK0                cstackBANK0  000000
__LcstackBANK1                cstackBANK1  000000
__LcstackCOMRAM               cstackCOMRAM 000000
__Ldata                       data         000000
__LdataBANK0                  dataBANK0    000000
__LdataBANK1                  dataBANK1    000000
__Leeprom_data                eeprom_data  000000
__Lfarbss                     farbss       000000
__Lfardata                    fardata      000000
__Libigdata                   ibigdata     000000
__Lidata                      idata        000000
__LidataBANK0                 idataBANK0   000000
__LidataBANK1                 idataBANK1   000000
__Lidloc                      idloc        200000
__Lifardata                   ifardata     000000
__Linit                       init         00000E
__Lintcode                    intcode      000008
__Lintcode_body               intcode_body 000000
__Lintcodelo                  intcodelo    00000E
__Lintentry                   intentry     000000
__Lintret                     intret       000000
__Lintsave_regs               intsave_regs 000000
__Lirdata                     irdata       000000
__Lmediumconst                mediumconst  000000
__LnvFARRAM                   nvFARRAM     000000
__Lnvbit                      nvbit        000000
__Lnvrram                     nvrram       000000
__Lparam                      rparam       000000
__Lpowerup                    powerup      00000E
__Lram                        ram          000000
__Lramtop                     ramtop       000800
__Lrbit                       rbit         000000
__Lrbss                       rbss         000000
__Lrdata                      rdata        000000
__Lreset_vec                  reset_vec    000000
__Lrparam                     rparam       000000
__Lsfr                        sfr          000000
__Lsmallconst                 smallconst   000800
__Lspace_0                    (abs)        000000
__Lspace_1                    (abs)        000000
__Lspace_2                    (abs)        000000
__Lstack                      stack        000000
__Lstruct                     struct       000000
__Ltemp                       temp         00005C
__Ltext                       text         000000
__Ltext0                      text0        000000
__Ltext1                      text1        000000
__Ltext10                     text10       000000
__Ltext11                     text11       000000
__Ltext12                     text12       000000
__Ltext13                     text13       000000
__Ltext14                     text14       000000
__Ltext15                     text15       000000
__Ltext16                     text16       000000
__Ltext17                     text17       000000
__Ltext18                     text18       000000
__Ltext19                     text19       000000
__Ltext2                      text2        000000
__Ltext20                     text20       000000
__Ltext21                     text21       000000
__Ltext22                     text22       000000
__Ltext23                     text23       000000
__Ltext24                     text24       000000
__Ltext25                     text25       000000
__Ltext26                     text26       000000
__Ltext27                     text27       000000
__Ltext28                     text28       000000
__Ltext29                     text29       000000
__Ltext3                      text3        000000
__Ltext30                     text30       000000
__Ltext31                     text31       000000
__Ltext32                     text32       000000
__Ltext33                     text33       000000
__Ltext34                     text34       000000
__Ltext35                     text35       000000
__Ltext36                     text36       000000
__Ltext37                     text37       000000
__Ltext38                     text38       000000
__Ltext39                     text39       000000
__Ltext4                      text4        000000
__Ltext40                     text40       000000
__Ltext41                     text41       000000
__Ltext42                     text42       000000
__Ltext43                     text43       000000
__Ltext44                     text44       000000
__Ltext45                     text45       000000
__Ltext46                     text46       000000
__Ltext47                     text47       000000
__Ltext48                     text48       000000
__Ltext49                     text49       000000
__Ltext5                      text5        000000
__Ltext50                     text50       000000
__Ltext51                     text51       000000
__Ltext52                     text52       000000
__Ltext53                     text53       000000
__Ltext54                     text54       000000
__Ltext55                     text55       000000
__Ltext57                     text57       000000
__Ltext6                      text6        000000
__Ltext7                      text7        000000
__Ltext8                      text8        000000
__Ltext9                      text9        000000
__S0                          (abs)        30000E
__S1                          (abs)        000185
__S2                          (abs)        000000
___aodiv                      text27       00393E
___aodiv@counter              cstackCOMRAM 000014
___aodiv@dividend             cstackCOMRAM 000004
___aodiv@divisor              cstackCOMRAM 00000C
___aodiv@quotient             cstackCOMRAM 000016
___aodiv@sign                 cstackCOMRAM 000015
___aomod                      text26       003C38
___aomod@counter              cstackCOMRAM 000014
___aomod@dividend             cstackCOMRAM 000004
___aomod@divisor              cstackCOMRAM 00000C
___aomod@sign                 cstackCOMRAM 000015
___awdiv                      text18       00434C
___awdiv@counter              cstackCOMRAM 000008
___awdiv@dividend             cstackCOMRAM 000004
___awdiv@divisor              cstackCOMRAM 000006
___awdiv@quotient             cstackCOMRAM 00000A
___awdiv@sign                 cstackCOMRAM 000009
___awmod                      text17       0044D2
___awmod@counter              cstackCOMRAM 000008
___awmod@dividend             cstackCOMRAM 000004
___awmod@divisor              cstackCOMRAM 000006
___awmod@sign                 cstackCOMRAM 000009
___fladd                      text48       001E9A
___fladd@a                    cstackCOMRAM 000029
___fladd@aexp                 cstackCOMRAM 000032
___fladd@b                    cstackCOMRAM 000025
___fladd@bexp                 cstackCOMRAM 000033
___fladd@grs                  cstackCOMRAM 000034
___fladd@signs                cstackCOMRAM 000031
___fldiv                      text47       002B76
___fldiv@a                    cstackCOMRAM 000041
___fldiv@aexp                 cstackCOMRAM 000055
___fldiv@b                    cstackCOMRAM 00003D
___fldiv@bexp                 cstackCOMRAM 000054
___fldiv@grs                  cstackCOMRAM 000050
___fldiv@new_exp              cstackCOMRAM 00004E
___fldiv@rem                  cstackCOMRAM 000049
___fldiv@sign                 cstackCOMRAM 00004D
___fleq                       text16       004582
___fleq@ff1                   cstackCOMRAM 000004
___fleq@ff2                   cstackCOMRAM 000008
___flge                       text41       003FAA
___flge@ff1                   cstackCOMRAM 000025
___flge@ff2                   cstackCOMRAM 000029
___flmul                      text46       00235A
___flmul@a                    cstackCOMRAM 000010
___flmul@aexp                 cstackCOMRAM 000019
___flmul@b                    cstackCOMRAM 00000C
___flmul@bexp                 cstackCOMRAM 00001E
___flmul@grs                  cstackCOMRAM 00001A
___flmul@prod                 cstackCOMRAM 00001F
___flmul@sign                 cstackCOMRAM 000018
___flmul@temp                 cstackCOMRAM 000023
___flneg                      text44       004C0C
___flneg@f1                   cstackCOMRAM 000004
___flsub                      text43       004A14
___flsub@a                    cstackCOMRAM 000039
___flsub@b                    cstackCOMRAM 000035
___fltol                      text15       003EA4
___fltol@exp1                 cstackCOMRAM 00000D
___fltol@f1                   cstackCOMRAM 000004
___fltol@sign1                cstackCOMRAM 00000C
___fpclassifyf                text14       0040AE
___fpclassifyf@F463           bssBANK1     000108
___fpclassifyf@e              cstackCOMRAM 00000C
___fpclassifyf@u              cstackCOMRAM 00000E
___fpclassifyf@x              cstackCOMRAM 000004
___inthi_sp                   stack        000000
___intlo_sp                   stack        000000
___param_bank                 (abs)        000000
___rparam_used                (abs)        000001
___sp                         stack        000000
___wmul                       text31       004CDC
___wmul@multiplicand          cstackCOMRAM 000006
___wmul@multiplier            cstackCOMRAM 000004
___wmul@product               cstackCOMRAM 000008
___xxtofl                     text49       0035FE
___xxtofl@arg                 cstackCOMRAM 00000E
___xxtofl@exp                 cstackCOMRAM 00000D
___xxtofl@sign                cstackCOMRAM 00000C
___xxtofl@val                 cstackCOMRAM 000004
__accesstop                   (abs)        000060
__activetblptr                (abs)        000002
__end_of_R                    text45       003C38
__end_of___aodiv              text27       003AC6
__end_of___aomod              text26       003D9C
__end_of___awdiv              text18       004410
__end_of___awmod              text17       004582
__end_of___fladd              text48       00235A
__end_of___fldiv              text47       002F10
__end_of___fleq               text16       00462C
__end_of___flge               text41       0040AE
__end_of___flmul              text46       002784
__end_of___flneg              text44       004C44
__end_of___flsub              text43       004A5A
__end_of___fltol              text15       003FAA
__end_of___fpclassifyf        text14       0041AC
__end_of___wmul               text31       004D02
__end_of___xxtofl             text49       0037B2
__end_of__initialization      cinit        004844
__end_of_abs                  text25       004B62
__end_of_asinf                text38       002B76
__end_of_atoi                 text28       0035FE
__end_of_dtoa                 text19       0031F0
__end_of_efgtoa               text9        0013E8
__end_of_fabsf                text42       004CAE
__end_of_floorf               text13       003406
__end_of_fputc                text23       00434C
__end_of_fputs                text22       004A9E
__end_of_i2c_ack              text36       004DE4
__end_of_i2c_init             text37       004CDC
__end_of_i2c_init_aguarda     text51       004AE2
__end_of_i2c_ler              text34       004B9C
__end_of_i2c_mestre_config    text55       004D90
__end_of_i2c_mestre_escreve   text53       004D46
__end_of_i2c_mestre_para      text52       004DBC
__end_of_i2c_nack             text35       004DD0
__end_of_i2c_pronto           text54       004E08
__end_of_isdigit              text30       004C0C
__end_of_isspace              text29       004A14
__end_of_isupper              text11       004BD4
__end_of_main                 text0        00393E
__end_of_mpu_config           text50       00476C
__end_of_mpu_ler              text33       003EA4
__end_of_myHighIsr            intcode_body 004D60
__end_of_nanf                 text40       004D24
__end_of_pS0                  smallconst   000815
__end_of_pS1                  smallconst   000811
__end_of_pS2                  smallconst   00080D
__end_of_pad                  text20       0044D2
__end_of_pio2                 smallconst   000819
__end_of_putch                text24       004E10
__end_of_pwm_config           text32       004D78
__end_of_pwm_dc               text57       0047F0
__end_of_qS1                  smallconst   000809
__end_of_sprintf              text5        0049C2
__end_of_sqrtf                text39       001E9A
__end_of_strcpy               text12       004970
__end_of_strlen               text21       004C7A
__end_of_strncmp              text8        004282
__end_of_tiny                 smallconst   000805
__end_of_tolower              text10       004914
__end_of_uart_escreve_byte    text4        004DA6
__end_of_uart_escreve_string  text3        004B22
__end_of_uart_init            text2        004DF6
__end_of_uart_ler_string      text1        0046D0
__end_of_vfpfcnvrt            text7        0019D8
__end_of_vfprintf             text6        0048B4
__initialization              cinit        0047F0
__mediumconst                 mediumconst  000000
__pbssBANK0                   bssBANK0     0000F1
__pbssBANK1                   bssBANK1     000100
__pbssCOMRAM                  bssCOMRAM    00005A
__pcinit                      cinit        0047F0
__pcstackBANK0                cstackBANK0  000060
__pcstackBANK1                cstackBANK1  00017B
__pcstackCOMRAM               cstackCOMRAM 000001
__pdataBANK0                  dataBANK0    0000F9
__pdataBANK1                  dataBANK1    000181
__pidataBANK0                 idataBANK0   004E0C
__pidataBANK1                 idataBANK1   004E08
__pintcode                    intcode      000008
__pintcode_body               intcode_body 004D46
__psmallconst                 smallconst   000800
__ptext0                      text0        0037B2
__ptext1                      text1        00462C
__ptext10                     text10       0048B4
__ptext11                     text11       004B9C
__ptext12                     text12       004914
__ptext13                     text13       0031F0
__ptext14                     text14       0040AE
__ptext15                     text15       003EA4
__ptext16                     text16       004582
__ptext17                     text17       0044D2
__ptext18                     text18       00434C
__ptext19                     text19       002F10
__ptext2                      text2        004DE4
__ptext20                     text20       004410
__ptext21                     text21       004C44
__ptext22                     text22       004A5A
__ptext23                     text23       004282
__ptext24                     text24       004E0E
__ptext25                     text25       004B22
__ptext26                     text26       003C38
__ptext27                     text27       00393E
__ptext28                     text28       003406
__ptext29                     text29       0049C2
__ptext3                      text3        004AE2
__ptext30                     text30       004BD4
__ptext31                     text31       004CDC
__ptext32                     text32       004D60
__ptext33                     text33       003D9C
__ptext34                     text34       004B62
__ptext35                     text35       004DBC
__ptext36                     text36       004DD0
__ptext37                     text37       004CAE
__ptext38                     text38       002784
__ptext39                     text39       0019D8
__ptext4                      text4        004D90
__ptext40                     text40       004D02
__ptext41                     text41       003FAA
__ptext42                     text42       004C7A
__ptext43                     text43       004A14
__ptext44                     text44       004C0C
__ptext45                     text45       003AC6
__ptext46                     text46       00235A
__ptext47                     text47       002B76
__ptext48                     text48       001E9A
__ptext49                     text49       0035FE
__ptext5                      text5        004970
__ptext50                     text50       0046D0
__ptext51                     text51       004A9E
__ptext52                     text52       004DA6
__ptext53                     text53       004D24
__ptext54                     text54       004DF6
__ptext55                     text55       004D78
__ptext57                     text57       00476C
__ptext6                      text6        004852
__ptext7                      text7        0013E8
__ptext8                      text8        0041AC
__ptext9                      text9        000836
__ramtop                      ramtop       000800
__size_of_R                   (abs)        000000
__size_of___aodiv             (abs)        000000
__size_of___aomod             (abs)        000000
__size_of___awdiv             (abs)        000000
__size_of___awmod             (abs)        000000
__size_of___fladd             (abs)        000000
__size_of___fldiv             (abs)        000000
__size_of___fleq              (abs)        000000
__size_of___flge              (abs)        000000
__size_of___flmul             (abs)        000000
__size_of___flneg             (abs)        000000
__size_of___flsub             (abs)        000000
__size_of___fltol             (abs)        000000
__size_of___fpclassifyf       (abs)        000000
__size_of___wmul              (abs)        000000
__size_of___xxtofl            (abs)        000000
__size_of_abs                 (abs)        000000
__size_of_asinf               (abs)        000000
__size_of_atoi                (abs)        000000
__size_of_dtoa                (abs)        000000
__size_of_efgtoa              (abs)        000000
__size_of_fabsf               (abs)        000000
__size_of_floorf              (abs)        000000
__size_of_fputc               (abs)        000000
__size_of_fputs               (abs)        000000
__size_of_i2c_ack             (abs)        000000
__size_of_i2c_init            (abs)        000000
__size_of_i2c_init_aguarda    (abs)        000000
__size_of_i2c_ler             (abs)        000000
__size_of_i2c_mestre_config   (abs)        000000
__size_of_i2c_mestre_escreve  (abs)        000000
__size_of_i2c_mestre_para     (abs)        000000
__size_of_i2c_nack            (abs)        000000
__size_of_i2c_pronto          (abs)        000000
__size_of_isdigit             (abs)        000000
__size_of_isspace             (abs)        000000
__size_of_isupper             (abs)        000000
__size_of_main                (abs)        000000
__size_of_mpu_config          (abs)        000000
__size_of_mpu_ler             (abs)        000000
__size_of_myHighIsr           (abs)        000000
__size_of_nanf                (abs)        000000
__size_of_pad                 (abs)        000000
__size_of_putch               (abs)        000000
__size_of_pwm_config          (abs)        000000
__size_of_pwm_dc              (abs)        000000
__size_of_sprintf             (abs)        000000
__size_of_sqrtf               (abs)        000000
__size_of_strcpy              (abs)        000000
__size_of_strlen              (abs)        000000
__size_of_strncmp             (abs)        000000
__size_of_tolower             (abs)        000000
__size_of_uart_escreve_byte   (abs)        000000
__size_of_uart_escreve_string (abs)        000000
__size_of_uart_init           (abs)        000000
__size_of_uart_ler_string     (abs)        000000
__size_of_vfpfcnvrt           (abs)        000000
__size_of_vfprintf            (abs)        000000
__smallconst                  smallconst   000800
_abs                          text25       004B22
_asinf                        text38       002784
_asinf$1409                   cstackBANK0  000094
_asinf$1410                   cstackBANK0  000098
_asinf$1411                   cstackBANK0  00009C
_asinf$1412                   cstackBANK0  0000A0
_atoi                         text28       003406
_atoi$1024                    cstackCOMRAM 000013
_atoi$1025                    cstackCOMRAM 000017
_atoi$1026                    cstackCOMRAM 000015
_buf                          bssBANK1     000166
_dbuf                         bssBANK1     000116
_dc                           dataBANK0    0000F9
_dtoa                         text19       002F10
_dtoa$465                     cstackCOMRAM 000031
_efgtoa                       text9        000836
_efgtoa$489                   cstackBANK0  000080
_efgtoa$490                   cstackBANK0  000082
_efgtoa$494                   cstackBANK0  000084
_efgtoa$498                   cstackBANK0  000086
_efgtoa$499                   cstackBANK0  000088
_efgtoa$500                   cstackBANK0  00008A
_errno                        bssBANK1     000114
_erro                         bssBANK1     000110
_fabsf                        text42       004C7A
_flags                        bssCOMRAM    00005A
_floorf                       text13       0031F0
_fputc                        text23       004282
_fputs                        text22       004A5A
_i2c_ack                      text36       004DD0
_i2c_init                     text37       004CAE
_i2c_init_aguarda             text51       004A9E
_i2c_ler                      text34       004B62
_i2c_mestre_config            text55       004D78
_i2c_mestre_escreve           text53       004D24
_i2c_mestre_para              text52       004DA6
_i2c_nack                     text35       004DBC
_i2c_pronto                   text54       004DF6
_isdigit                      text30       004BD4
_isspace                      text29       0049C2
_isspace$1066                 cstackCOMRAM 00000A
_isupper                      text11       004B9C
_k                            dataBANK1    000181
_main                         text0        0037B2
_mpu_config                   text50       0046D0
_mpu_ler                      text33       003D9C
_mpu_ler$1406                 cstackBANK0  0000C0
_myHighIsr                    intcode      000008
_nanf                         text40       004D02
_nout                         bssBANK0     0000F1
_pad                          text20       004410
_prec                         bssBANK0     0000F5
_putch                        text24       004E0E
_pwm_config                   text32       004D60
_pwm_dc                       text57       00476C
_sprintf                      text5        004970
_sqrtf                        text39       0019D8
_strcpy                       text12       004914
_strlen                       text21       004C44
_strncmp                      text8        0041AC
_tolower                      text10       0048B4
_tolower$1176                 cstackCOMRAM 000010
_u                            bssBANK1     00010C
_uart_escreve_byte            text4        004D90
_uart_escreve_string          text3        004AE2
_uart_init                    text2        004DE4
_uart_ler_string              text1        00462C
_vfpfcnvrt                    text7        0013E8
_vfpfcnvrt$514                cstackBANK0  0000C8
_vfpfcnvrt$519                cstackBANK0  0000CA
_vfprintf                     text6        004852
_width                        bssBANK0     0000F3
abs@a                         cstackCOMRAM 000016
asinf@__xc8_float_word        cstackBANK0  000090
asinf@hx                      cstackBANK0  0000AC
asinf@ix                      cstackBANK0  0000B0
asinf@s                       cstackBANK0  0000A4
asinf@x                       cstackBANK0  000088
asinf@z                       cstackBANK0  0000A8
atoi@n                        cstackCOMRAM 000018
atoi@neg                      cstackCOMRAM 000011
atoi@s                        cstackCOMRAM 00000B
btemp                         temp         00005C
dtoa@d                        cstackCOMRAM 000021
dtoa@fp                       cstackCOMRAM 00001F
dtoa@i                        cstackCOMRAM 000041
dtoa@n                        cstackCOMRAM 000039
dtoa@p                        cstackCOMRAM 000033
dtoa@s                        cstackCOMRAM 000037
dtoa@w                        cstackCOMRAM 000035
efgtoa@c                      cstackBANK0  000076
efgtoa@d                      cstackBANK0  000094
efgtoa@e                      cstackBANK0  0000AC
efgtoa@f                      cstackBANK0  000072
efgtoa@fp                     cstackBANK0  000070
efgtoa@g                      cstackBANK0  0000A8
efgtoa@h                      cstackBANK0  00009E
efgtoa@i                      cstackBANK0  0000A6
efgtoa@l                      cstackBANK0  0000A2
efgtoa@m                      cstackBANK0  000090
efgtoa@mode                   cstackBANK0  00009D
efgtoa@n                      cstackBANK0  0000AE
efgtoa@ne                     cstackBANK0  000092
efgtoa@nmode                  cstackBANK0  00009A
efgtoa@ou                     cstackBANK0  00007C
efgtoa@p                      cstackBANK0  000098
efgtoa@pp                     cstackBANK0  00008E
efgtoa@sign                   cstackBANK0  000096
efgtoa@t                      cstackBANK0  00008C
efgtoa@u                      cstackBANK0  0000B0
efgtoa@w                      cstackBANK0  00009B
end_of_initialization         cinit        004844
fabsf@F463                    bssBANK1     000104
fabsf@u                       cstackCOMRAM 000008
fabsf@x                       cstackCOMRAM 000004
floorf@F524                   bssBANK1     000100
floorf@e                      cstackBANK0  00006A
floorf@m                      cstackBANK0  000066
floorf@u                      cstackBANK0  00006C
floorf@x                      cstackCOMRAM 000056
fputc@c                       cstackCOMRAM 000004
fputc@fp                      cstackCOMRAM 000006
fputs@c                       cstackCOMRAM 000011
fputs@fp                      cstackCOMRAM 00000F
fputs@i                       cstackCOMRAM 000012
fputs@s                       cstackCOMRAM 00000D
i2c_init@end                  cstackCOMRAM 000005
i2c_init_aguarda@end          cstackCOMRAM 000005
i2c_ler@ACK_NACK              cstackCOMRAM 000004
i2c_ler@dado                  cstackCOMRAM 000005
i2c_mestre_escreve@dado       cstackCOMRAM 000004
int$flags                     temp         00005C
int_func                      intcode_body 004D46
intlevel0                     text         000000
intlevel1                     text         000000
intlevel2                     text         000000
intlevel3                     text         000000
isdigit@c                     cstackCOMRAM 000004
isspace@c                     cstackCOMRAM 000004
isupper@c                     cstackCOMRAM 000004
main@ang                      cstackBANK1  00017B
main@set_point                cstackBANK1  00017F
mpu_ler@Ay                    cstackBANK0  0000C4
mpu_ler@ay                    cstackBANK0  0000BC
nanf@s                        cstackCOMRAM 000004
nanf@u                        cstackCOMRAM 000008
pad@buf                       cstackCOMRAM 000016
pad@fp                        cstackCOMRAM 000014
pad@i                         cstackCOMRAM 00001B
pad@p                         cstackCOMRAM 000018
pad@w                         cstackCOMRAM 00001D
pwm_dc@dc                     cstackCOMRAM 000001
pwm_dc@t                      bssBANK0     0000F7
sprintf@ap                    cstackBANK0  0000E8
sprintf@f                     cstackBANK0  0000EA
sprintf@fmt                   cstackBANK0  0000DE
sprintf@s                     cstackBANK0  0000DC
sqrtf@__xc8_float_word        cstackBANK0  00006C
sqrtf@i                       cstackBANK0  000068
sqrtf@ix                      cstackBANK0  000084
sqrtf@m                       cstackBANK0  00007C
sqrtf@q                       cstackBANK0  000070
sqrtf@r                       cstackBANK0  000080
sqrtf@s                       cstackBANK0  000064
sqrtf@t                       cstackBANK0  000074
sqrtf@x                       cstackCOMRAM 000035
sqrtf@z                       cstackBANK0  000078
stackhi                       (abs)        0007FF
stacklo                       (abs)        000185
start                         init         00000E
start_initialization          cinit        0047F0
strcpy@d                      cstackCOMRAM 00000C
strcpy@dest                   cstackCOMRAM 000004
strcpy@s                      cstackCOMRAM 00000A
strcpy@src                    cstackCOMRAM 000006
strlen@a                      cstackCOMRAM 000006
strlen@s                      cstackCOMRAM 000004
strncmp@_l                    cstackCOMRAM 000004
strncmp@_r                    cstackCOMRAM 000006
strncmp@l                     cstackCOMRAM 00000B
strncmp@n                     cstackCOMRAM 000008
strncmp@r                     cstackCOMRAM 00000D
tolower@c                     cstackCOMRAM 00000A
ttemp5                        temp         00005D
ttemp6                        temp         000060
ttemp7                        temp         000064
uart_escreve_byte@dado        cstackCOMRAM 000004
uart_escreve_string@i         cstackCOMRAM 000007
uart_escreve_string@mens      cstackCOMRAM 000005
uart_ler_string@c             cstackCOMRAM 00001D
uart_ler_string@dado          bssBANK1     000175
uart_ler_string@i             cstackCOMRAM 00001F
vfpfcnvrt@ap                  cstackBANK0  0000B8
vfpfcnvrt@c                   cstackBANK0  0000D3
vfpfcnvrt@ct                  cstackBANK0  0000D0
vfpfcnvrt@done                cstackBANK0  0000C6
vfpfcnvrt@f                   cstackBANK0  0000CC
vfpfcnvrt@fmt                 cstackBANK0  0000B6
vfpfcnvrt@fp                  cstackBANK0  0000B4
vfpfcnvrt@ll                  cstackBANK0  0000BE
vfprintf@ap                   cstackBANK0  0000D8
vfprintf@cfmt                 cstackBANK0  0000DA
vfprintf@fmt                  cstackBANK0  0000D6
vfprintf@fp                   cstackBANK0  0000D4
wtemp8                        temp         00005D


FUNCTION INFORMATION:

 *************** function _main *****************
 Defined at:
		line 34 in file "main.c"
 Parameters:    Size  Location     Type
		None
 Auto vars:     Size  Location     Type
  ang             4    0[BANK1 ] float 
  set_point       2    4[BANK1 ] int 
 Return value:  Size  Location     Type
                  1    wreg      void 
 Registers used:
		wreg, fsr1l, fsr1h, fsr2l, fsr2h, status,2, status,0, tblptrl, tblptrh, tblptru, prodl, prodh, cstack
 Tracked objects:
		On entry : 
		On exit  : 
		Unchanged: 
 Data sizes:     COMRAM   BANK0   BANK1   BANK2   BANK3   BANK4   BANK5   BANK6   BANK7
      Params:         0       0       0       0       0       0       0       0       0
      Locals:         0       0       6       0       0       0       0       0       0
      Temps:          0       1       0       0       0       0       0       0       0
      Totals:         0       1       6       0       0       0       0       0       0
Total ram usage:        7 bytes
 Hardware stack levels required when called:   10
 This function calls:
		___flmul
		___flsub
		___fltol
		___xxtofl
		_i2c_mestre_config
		_mpu_config
		_mpu_ler
		_pwm_config
		_sprintf
		_uart_escreve_byte
		_uart_escreve_string
		_uart_init
		_uart_ler_string
 This function is called by:
		Startup code after reset
 This function uses a non-reentrant model


 *************** function _uart_ler_string *****************
 Defined at:
		line 34 in file "uart.c"
 Parameters:    Size  Location     Type
		None
 Auto vars:     Size  Location     Type
  i               2   30[COMRAM] int 
  c               2   28[COMRAM] int 
 Return value:  Size  Location     Type
                  2   25[COMRAM] int 
 Registers used:
		wreg, fsr1l, fsr1h, fsr2l, fsr2h, status,2, status,0, tblptrl, tblptrh, tblptru, prodl, prodh, cstack
 Tracked objects:
		On entry : 
		On exit  : 
		Unchanged: 
 Data sizes:     COMRAM   BANK0   BANK1   BANK2   BANK3   BANK4   BANK5   BANK6   BANK7
      Params:         2       0       0       0       0       0       0       0       0
      Locals:         4       0       0       0       0       0       0       0       0
      Temps:          1       0       0       0       0       0       0       0       0
      Totals:         7       0       0       0       0       0       0       0       0
Total ram usage:        7 bytes
 Hardware stack levels used:    1
 Hardware stack levels required when called:    4
 This function calls:
		_atoi
 This function is called by:
		_main
 This function uses a non-reentrant model


 *************** function _uart_init *****************
 Defined at:
		line 5 in file "uart.c"
 Parameters:    Size  Location     Type
		None
 Auto vars:     Size  Location     Type
		None
 Return value:  Size  Location     Type
                  1    wreg      void 
 Registers used:
		wreg, status,2
 Tracked objects:
		On entry : 
		On exit  : 
		Unchanged: 
 Data sizes:     COMRAM   BANK0   BANK1   BANK2   BANK3   BANK4   BANK5   BANK6   BANK7
      Params:         0       0       0       0       0       0       0       0       0
      Locals:         0       0       0       0       0       0       0       0       0
      Temps:          0       0       0       0       0       0       0       0       0
      Totals:         0       0       0       0       0       0       0       0       0
Total ram usage:        0 bytes
 Hardware stack levels used:    1
 Hardware stack levels required when called:    2
 This function calls:
		Nothing
 This function is called by:
		_main
 This function uses a non-reentrant model


 *************** function _uart_escreve_string *****************
 Defined at:
		line 19 in file "uart.c"
 Parameters:    Size  Location     Type
  mens            2    4[COMRAM] PTR unsigned char 
		 -> buf(15), 
 Auto vars:     Size  Location     Type
  i               2    6[COMRAM] int 
 Return value:  Size  Location     Type
                  1    wreg      void 
 Registers used:
		wreg, fsr2l, fsr2h, status,2, status,0, cstack
 Tracked objects:
		On entry : 
		On exit  : 
		Unchanged: 
 Data sizes:     COMRAM   BANK0   BANK1   BANK2   BANK3   BANK4   BANK5   BANK6   BANK7
      Params:         2       0       0       0       0       0       0       0       0
      Locals:         2       0       0       0       0       0       0       0       0
      Temps:          0       0       0       0       0       0       0       0       0
      Totals:         4       0       0       0       0       0       0       0       0
Total ram usage:        4 bytes
 Hardware stack levels used:    1
 Hardware stack levels required when called:    3
 This function calls:
		_uart_escreve_byte
 This function is called by:
		_main
 This function uses a non-reentrant model


 *************** function _uart_escreve_byte *****************
 Defined at:
		line 14 in file "uart.c"
 Parameters:    Size  Location     Type
  dado            1    wreg     unsigned char 
 Auto vars:     Size  Location     Type
  dado            1    3[COMRAM] unsigned char 
 Return value:  Size  Location     Type
                  1    wreg      void 
 Registers used:
		wreg
 Tracked objects:
		On entry : 
		On exit  : 
		Unchanged: 
 Data sizes:     COMRAM   BANK0   BANK1   BANK2   BANK3   BANK4   BANK5   BANK6   BANK7
      Params:         0       0       0       0       0       0       0       0       0
      Locals:         1       0       0       0       0       0       0       0       0
      Temps:          0       0       0       0       0       0       0       0       0
      Totals:         1       0       0       0       0       0       0       0       0
Total ram usage:        1 bytes
 Hardware stack levels used:    1
 Hardware stack levels required when called:    2
 This function calls:
		Nothing
 This function is called by:
		_main
		_uart_escreve_string
 This function uses a non-reentrant model


 *************** function _sprintf *****************
 Defined at:
		line 9 in file "C:\Program Files (x86)\Microchip\xc8\v2.10\pic\sources\c99\common\nf_sprintf.c"
 Parameters:    Size  Location     Type
  s               2  124[BANK0 ] PTR unsigned char 
		 -> buf(15), 
  fmt             2  126[BANK0 ] PTR const unsigned char 
		 -> STR_1(9), 
 Auto vars:     Size  Location     Type
  f               6  138[BANK0 ] struct _IO_FILE
  ap              2  136[BANK0 ] PTR void [1]
		 -> ?_sprintf(2), 
  ret             2    0        int 
 Return value:  Size  Location     Type
                  2  124[BANK0 ] int 
 Registers used:
		wreg, fsr1l, fsr1h, fsr2l, fsr2h, status,2, status,0, tblptrl, tblptrh, tblptru, prodl, prodh, cstack
 Tracked objects:
		On entry : 
		On exit  : 
		Unchanged: 
 Data sizes:     COMRAM   BANK0   BANK1   BANK2   BANK3   BANK4   BANK5   BANK6   BANK7
      Params:         0      10       0       0       0       0       0       0       0
      Locals:         0      10       0       0       0       0       0       0       0
      Temps:          0       0       0       0       0       0       0       0       0
      Totals:         0      20       0       0       0       0       0       0       0
Total ram usage:       20 bytes
 Hardware stack levels used:    1
 Hardware stack levels required when called:    9
 This function calls:
		_vfprintf
 This function is called by:
		_main
 This function uses a non-reentrant model


 *************** function _vfprintf *****************
 Defined at:
		line 1368 in file "C:\Program Files (x86)\Microchip\xc8\v2.10\pic\sources\c99\common\doprnt.c"
 Parameters:    Size  Location     Type
  fp              2  116[BANK0 ] PTR struct _IO_FILE
		 -> sprintf@f(6), 
  fmt             2  118[BANK0 ] PTR const unsigned char 
		 -> STR_1(9), 
  ap              2  120[BANK0 ] PTR PTR void 
		 -> sprintf@ap(2), 
 Auto vars:     Size  Location     Type
  cfmt            2  122[BANK0 ] PTR unsigned char 
		 -> STR_1(9), 
 Return value:  Size  Location     Type
                  2  116[BANK0 ] int 
 Registers used:
		wreg, fsr1l, fsr1h, fsr2l, fsr2h, status,2, status,0, tblptrl, tblptrh, tblptru, prodl, prodh, cstack
 Tracked objects:
		On entry : 
		On exit  : 
		Unchanged: 
 Data sizes:     COMRAM   BANK0   BANK1   BANK2   BANK3   BANK4   BANK5   BANK6   BANK7
      Params:         0       6       0       0       0       0       0       0       0
      Locals:         0       2       0       0       0       0       0       0       0
      Temps:          0       0       0       0       0       0       0       0       0
      Totals:         0       8       0       0       0       0       0       0       0
Total ram usage:        8 bytes
 Hardware stack levels used:    1
 Hardware stack levels required when called:    8
 This function calls:
		_vfpfcnvrt
 This function is called by:
		_sprintf
 This function uses a non-reentrant model


 *************** function _vfpfcnvrt *****************
 Defined at:
		line 670 in file "C:\Program Files (x86)\Microchip\xc8\v2.10\pic\sources\c99\common\doprnt.c"
 Parameters:    Size  Location     Type
  fp              2   84[BANK0 ] PTR struct _IO_FILE
		 -> sprintf@f(6), 
  fmt             2   86[BANK0 ] PTR PTR unsigned char 
		 -> vfprintf@cfmt(2), 
  ap              2   88[BANK0 ] PTR PTR void 
		 -> sprintf@ap(2), 
 Auto vars:     Size  Location     Type
  ll              8   94[BANK0 ] long long 
  llu             8    0        unsigned long long 
  f               4  108[BANK0 ] unsigned long long 
  ct              3  112[BANK0 ] unsigned char [3]
  vp              3    0        PTR void 
  cp              3    0        PTR unsigned char 
  done            2  102[BANK0 ] int 
  i               2    0        int 
  c               1  115[BANK0 ] unsigned char 
 Return value:  Size  Location     Type
                  2   84[BANK0 ] int 
 Registers used:
		wreg, fsr1l, fsr1h, fsr2l, fsr2h, status,2, status,0, tblptrl, tblptrh, tblptru, prodl, prodh, cstack
 Tracked objects:
		On entry : 
		On exit  : 
		Unchanged: 
 Data sizes:     COMRAM   BANK0   BANK1   BANK2   BANK3   BANK4   BANK5   BANK6   BANK7
      Params:         0       6       0       0       0       0       0       0       0
      Locals:         0      22       0       0       0       0       0       0       0
      Temps:          0       4       0       0       0       0       0       0       0
      Totals:         0      32       0       0       0       0       0       0       0
Total ram usage:       32 bytes
 Hardware stack levels used:    1
 Hardware stack levels required when called:    7
 This function calls:
		_atoi
		_dtoa
		_efgtoa
		_fputc
		_isdigit
		_isupper
		_strncmp
		_tolower
 This function is called by:
		_vfprintf
 This function uses a non-reentrant model


 *************** function _strncmp *****************
 Defined at:
		line 3 in file "C:\Program Files (x86)\Microchip\xc8\v2.10\pic\sources\c99\common\strncmp.c"
 Parameters:    Size  Location     Type
  _l              2    3[COMRAM] PTR const unsigned char 
		 -> vfpfcnvrt@ct(3), 
  _r              2    5[COMRAM] PTR const unsigned char 
		 -> STR_12(3), 
  n               2    7[COMRAM] unsigned int 
 Auto vars:     Size  Location     Type
  r               2   12[COMRAM] PTR const unsigned char 
		 -> STR_12(3), 
  l               2   10[COMRAM] PTR const unsigned char 
		 -> vfpfcnvrt@ct(3), 
 Return value:  Size  Location     Type
                  2    3[COMRAM] int 
 Registers used:
		wreg, fsr2l, fsr2h, status,2, status,0, tblptrl, tblptrh, tblptru
 Tracked objects:
		On entry : 
		On exit  : 
		Unchanged: 
 Data sizes:     COMRAM   BANK0   BANK1   BANK2   BANK3   BANK4   BANK5   BANK6   BANK7
      Params:         6       0       0       0       0       0       0       0       0
      Locals:         4       0       0       0       0       0       0       0       0
      Temps:          1       0       0       0       0       0       0       0       0
      Totals:        11       0       0       0       0       0       0       0       0
Total ram usage:       11 bytes
 Hardware stack levels used:    1
 Hardware stack levels required when called:    2
 This function calls:
		Nothing
 This function is called by:
		_vfpfcnvrt
 This function uses a non-reentrant model


 *************** function _efgtoa *****************
 Defined at:
		line 319 in file "C:\Program Files (x86)\Microchip\xc8\v2.10\pic\sources\c99\common\doprnt.c"
 Parameters:    Size  Location     Type
  fp              2   16[BANK0 ] PTR struct _IO_FILE
		 -> sprintf@f(6), 
  f               4   18[BANK0 ] PTR struct _IO_FILE
  c               1   22[BANK0 ] unsigned char 
 Auto vars:     Size  Location     Type
  u               4   80[BANK0 ] unsigned char 
  g               4   72[BANK0 ] unsigned char 
  l               4   66[BANK0 ] unsigned char 
  h               4   62[BANK0 ] unsigned char 
  ou              4   28[BANK0 ] unsigned char 
  n               2   78[BANK0 ] int 
  e               2   76[BANK0 ] int 
  i               2   70[BANK0 ] int 
  w               2   59[BANK0 ] int 
  p               2   56[BANK0 ] int 
  sign            2   54[BANK0 ] int 
  d               2   52[BANK0 ] int 
  ne              2   50[BANK0 ] int 
  m               2   48[BANK0 ] int 
  pp              2   46[BANK0 ] int 
  t               2   44[BANK0 ] int 
  mode            1   61[BANK0 ] unsigned char 
  nmode           1   58[BANK0 ] unsigned char 
 Return value:  Size  Location     Type
                  2   16[BANK0 ] int 
 Registers used:
		wreg, fsr1l, fsr1h, fsr2l, fsr2h, status,2, status,0, tblptrl, tblptrh, tblptru, prodl, prodh, cstack
 Tracked objects:
		On entry : 
		On exit  : 
		Unchanged: 
 Data sizes:     COMRAM   BANK0   BANK1   BANK2   BANK3   BANK4   BANK5   BANK6   BANK7
      Params:         0       7       0       0       0       0       0       0       0
      Locals:         0      56       0       0       0       0       0       0       0
      Temps:          0       5       0       0       0       0       0       0       0
      Totals:         0      68       0       0       0       0       0       0       0
Total ram usage:       68 bytes
 Hardware stack levels used:    1
 Hardware stack levels required when called:    6
 This function calls:
		___awdiv
		___awmod
		___fladd
		___fldiv
		___fleq
		___flge
		___flmul
		___flneg
		___flsub
		___fltol
		___fpclassifyf
		_floorf
		_isupper
		_pad
		_strcpy
		_tolower
 This function is called by:
		_vfpfcnvrt
 This function uses a non-reentrant model


 *************** function _tolower *****************
 Defined at:
		line 4 in file "C:\Program Files (x86)\Microchip\xc8\v2.10\pic\sources\c99\common\tolower.c"
 Parameters:    Size  Location     Type
  c               2    9[COMRAM] int 
 Auto vars:     Size  Location     Type
		None
 Return value:  Size  Location     Type
                  2    9[COMRAM] int 
 Registers used:
		wreg, status,2, status,0
 Tracked objects:
		On entry : 
		On exit  : 
		Unchanged: 
 Data sizes:     COMRAM   BANK0   BANK1   BANK2   BANK3   BANK4   BANK5   BANK6   BANK7
      Params:         2       0       0       0       0       0       0       0       0
      Locals:         2       0       0       0       0       0       0       0       0
      Temps:          4       0       0       0       0       0       0       0       0
      Totals:         8       0       0       0       0       0       0       0       0
Total ram usage:        8 bytes
 Hardware stack levels used:    1
 Hardware stack levels required when called:    3
 This function calls:
		_isupper
 This function is called by:
		_efgtoa
		_vfpfcnvrt
 This function uses a non-reentrant model


 *************** function _isupper *****************
 Defined at:
		line 5 in file "C:\Program Files (x86)\Microchip\xc8\v2.10\pic\sources\c99\common\isupper.c"
 Parameters:    Size  Location     Type
  c               2    3[COMRAM] int 
 Auto vars:     Size  Location     Type
		None
 Return value:  Size  Location     Type
                  2    3[COMRAM] int 
 Registers used:
		wreg, status,2, status,0
 Tracked objects:
		On entry : 
		On exit  : 
		Unchanged: 
 Data sizes:     COMRAM   BANK0   BANK1   BANK2   BANK3   BANK4   BANK5   BANK6   BANK7
      Params:         2       0       0       0       0       0       0       0       0
      Locals:         0       0       0       0       0       0       0       0       0
      Temps:          4       0       0       0       0       0       0       0       0
      Totals:         6       0       0       0       0       0       0       0       0
Total ram usage:        6 bytes
 Hardware stack levels used:    1
 Hardware stack levels required when called:    2
 This function calls:
		Nothing
 This function is called by:
		_efgtoa
		_vfpfcnvrt
		_tolower
 This function uses a non-reentrant model


 *************** function _strcpy *****************
 Defined at:
		line 3 in file "C:\Program Files (x86)\Microchip\xc8\v2.10\pic\sources\c99\common\strcpy.c"
 Parameters:    Size  Location     Type
  dest            2    3[COMRAM] PTR unsigned char 
		 -> dbuf(80), 
  src             2    5[COMRAM] PTR const unsigned char 
		 -> STR_7(4), STR_6(4), STR_3(4), STR_2(4), 
		 -> dbuf(80), 
 Auto vars:     Size  Location     Type
  d               2   11[COMRAM] PTR unsigned char 
		 -> dbuf(80), 
  s               2    9[COMRAM] PTR const unsigned char 
		 -> STR_7(4), STR_6(4), STR_3(4), STR_2(4), 
		 -> dbuf(80), 
 Return value:  Size  Location     Type
                  2    3[COMRAM] PTR unsigned char 
 Registers used:
		wreg, fsr1l, fsr1h, fsr2l, fsr2h, status,2, status,0, tblptrl, tblptrh, tblptru
 Tracked objects:
		On entry : 
		On exit  : 
		Unchanged: 
 Data sizes:     COMRAM   BANK0   BANK1   BANK2   BANK3   BANK4   BANK5   BANK6   BANK7
      Params:         4       0       0       0       0       0       0       0       0
      Locals:         4       0       0       0       0       0       0       0       0
      Temps:          2       0       0       0       0       0       0       0       0
      Totals:        10       0       0       0       0       0       0       0       0
Total ram usage:       10 bytes
 Hardware stack levels used:    1
 Hardware stack levels required when called:    2
 This function calls:
		Nothing
 This function is called by:
		_efgtoa
 This function uses a non-reentrant model


 *************** function _floorf *****************
 Defined at:
		line 3 in file "C:\Program Files (x86)\Microchip\xc8\v2.10\pic\sources\c99\common\floorf.c"
 Parameters:    Size  Location     Type
  x               4   85[COMRAM] float 
 Auto vars:     Size  Location     Type
  u               4   12[BANK0 ] struct .
  m               4    6[BANK0 ] unsigned long 
  e               2   10[BANK0 ] int 
 Return value:  Size  Location     Type
                  4   85[COMRAM] float 
 Registers used:
		wreg, status,2, status,0
 Tracked objects:
		On entry : 
		On exit  : 
		Unchanged: 
 Data sizes:     COMRAM   BANK0   BANK1   BANK2   BANK3   BANK4   BANK5   BANK6   BANK7
      Params:         4       0       0       0       0       0       0       0       0
      Locals:         0      10       0       0       0       0       0       0       0
      Temps:          0       6       0       0       0       0       0       0       0
      Totals:         4      16       0       0       0       0       0       0       0
Total ram usage:       20 bytes
 Hardware stack levels used:    1
 Hardware stack levels required when called:    2
 This function calls:
		Nothing
 This function is called by:
		_efgtoa
 This function uses a non-reentrant model


 *************** function ___fpclassifyf *****************
 Defined at:
		line 4 in file "C:\Program Files (x86)\Microchip\xc8\v2.10\pic\sources\c99\common\__fpclassifyf.c"
 Parameters:    Size  Location     Type
  x               4    3[COMRAM] float 
 Auto vars:     Size  Location     Type
  u               4   13[COMRAM] struct .
  e               2   11[COMRAM] int 
 Return value:  Size  Location     Type
                  2    3[COMRAM] int 
 Registers used:
		wreg, status,2, status,0
 Tracked objects:
		On entry : 
		On exit  : 
		Unchanged: 
 Data sizes:     COMRAM   BANK0   BANK1   BANK2   BANK3   BANK4   BANK5   BANK6   BANK7
      Params:         4       0       0       0       0       0       0       0       0
      Locals:         6       0       0       0       0       0       0       0       0
[...]
 Registers used:
		wreg, status,2, status,0
 Tracked objects:
		On entry : 
		On exit  : 
		Unchanged: 
 Data sizes:     COMRAM   BANK0   BANK1   BANK2   BANK3   BANK4   BANK5   BANK6   BANK7
      Params:         8       0       0       0       0       0       0       0       0
      Locals:         4       0       0       0       0       0       0       0       0
      Temps:          4       0       0       0       0       0       0       0       0
      Totals:        16       0       0       0       0       0       0       0       0
Total ram usage:       16 bytes
 Hardware stack levels used:    1
 Hardware stack levels required when called:    2
 This function calls:
		Nothing
 This function is called by:
		_efgtoa
		___flsub
		_R
		_asinf
		_sqrtf
 This function uses a non-reentrant model


 *************** function ___xxtofl *****************
 Defined at:
		line 10 in file "C:\Program Files (x86)\Microchip\xc8\v2.10\pic\sources\c99\common\xxtofl.c"
 Parameters:    Size  Location     Type
  sign            1    wreg     unsigned char 
  val             4    3[COMRAM] long 
 Auto vars:     Size  Location     Type
  sign            1   11[COMRAM] unsigned char 
  arg             4   13[COMRAM] unsigned long 
  exp             1   12[COMRAM] unsigned char 
 Return value:  Size  Location     Type
                  4    3[COMRAM] unsigned char 
 Registers used:
		wreg, status,2, status,0
 Tracked objects:
		On entry : 
		On exit  : 
		Unchanged: 
 Data sizes:     COMRAM   BANK0   BANK1   BANK2   BANK3   BANK4   BANK5   BANK6   BANK7
      Params:         4       0       0       0       0       0       0       0       0
      Locals:         6       0       0       0       0       0       0       0       0
      Temps:          4       0       0       0       0       0       0       0       0
      Totals:        14       0       0       0       0       0       0       0       0
Total ram usage:       14 bytes
 Hardware stack levels used:    1
 Hardware stack levels required when called:    2
 This function calls:
		Nothing
 This function is called by:
		_main
		_mpu_ler
 This function uses a non-reentrant model


 *************** function _mpu_config *****************
 Defined at:
		line 8 in file "mpu.c"
 Parameters:    Size  Location     Type
		None
 Auto vars:     Size  Location     Type
		None
 Return value:  Size  Location     Type
                  1    wreg      void 
 Registers used:
		wreg, status,2, cstack
 Tracked objects:
		On entry : 
		On exit  : 
		Unchanged: 
 Data sizes:     COMRAM   BANK0   BANK1   BANK2   BANK3   BANK4   BANK5   BANK6   BANK7
      Params:         0       0       0       0       0       0       0       0       0
      Locals:         0       0       0       0       0       0       0       0       0
      Temps:          2       0       0       0       0       0       0       0       0
      Totals:         2       0       0       0       0       0       0       0       0
Total ram usage:        2 bytes
 Hardware stack levels used:    1
 Hardware stack levels required when called:    5
 This function calls:
		_i2c_init_aguarda
		_i2c_mestre_escreve
		_i2c_mestre_para
 This function is called by:
		_main
 This function uses a non-reentrant model


 *************** function _i2c_init_aguarda *****************
 Defined at:
		line 56 in file "I2C.c"
 Parameters:    Size  Location     Type
  end             1    wreg     unsigned char 
 Auto vars:     Size  Location     Type
  end             1    4[COMRAM] unsigned char 
 Return value:  Size  Location     Type
                  1    wreg      void 
 Registers used:
		wreg, status,2, cstack
 Tracked objects:
		On entry : 
		On exit  : 
		Unchanged: 
 Data sizes:     COMRAM   BANK0   BANK1   BANK2   BANK3   BANK4   BANK5   BANK6   BANK7
      Params:         0       0       0       0       0       0       0       0       0
      Locals:         1       0       0       0       0       0       0       0       0
      Temps:          0       0       0       0       0       0       0       0       0
      Totals:         1       0       0       0       0       0       0       0       0
Total ram usage:        1 bytes
 Hardware stack levels used:    1
 Hardware stack levels required when called:    4
 This function calls:
		_i2c_mestre_escreve
		_i2c_mestre_para
 This function is called by:
		_mpu_config
		_mpu_ler
 This function uses a non-reentrant model


 *************** function _i2c_mestre_para *****************
 Defined at:
		line 75 in file "I2C.c"
 Parameters:    Size  Location     Type
		None
 Auto vars:     Size  Location     Type
		None
 Return value:  Size  Location     Type
                  1    wreg      unsigned char 
 Registers used:
		wreg
 Tracked objects:
		On entry : 
		On exit  : 
		Unchanged: 
 Data sizes:     COMRAM   BANK0   BANK1   BANK2   BANK3   BANK4   BANK5   BANK6   BANK7
      Params:         0       0       0       0       0       0       0       0       0
      Locals:         0       0       0       0       0       0       0       0       0
      Temps:          0       0       0       0       0       0       0       0       0
      Totals:         0       0       0       0       0       0       0       0       0
Total ram usage:        0 bytes
 Hardware stack levels used:    1
 Hardware stack levels required when called:    2
 This function calls:
		Nothing
 This function is called by:
		_i2c_init_aguarda
		_mpu_config
		_mpu_ler
 This function uses a non-reentrant model


 *************** function _i2c_mestre_escreve *****************
 Defined at:
		line 46 in file "I2C.c"
 Parameters:    Size  Location     Type
  dado            1    wreg     unsigned char 
 Auto vars:     Size  Location     Type
  dado            1    3[COMRAM] unsigned char 
 Return value:  Size  Location     Type
                  1    wreg      unsigned char 
 Registers used:
		wreg, cstack
 Tracked objects:
		On entry : 
		On exit  : 
		Unchanged: 
 Data sizes:     COMRAM   BANK0   BANK1   BANK2   BANK3   BANK4   BANK5   BANK6   BANK7
      Params:         0       0       0       0       0       0       0       0       0
      Locals:         1       0       0       0       0       0       0       0       0
      Temps:          0       0       0       0       0       0       0       0       0
      Totals:         1       0       0       0       0       0       0       0       0
Total ram usage:        1 bytes
 Hardware stack levels used:    1
 Hardware stack levels required when called:    3
 This function calls:
		_i2c_pronto
 This function is called by:
		_i2c_init
		_i2c_init_aguarda
		_mpu_config
		_mpu_ler
		_i2c_mestre_repeteinit
 This function uses a non-reentrant model


 *************** function _i2c_pronto *****************
 Defined at:
		line 16 in file "I2C.c"
 Parameters:    Size  Location     Type
		None
 Auto vars:     Size  Location     Type
		None
 Return value:  Size  Location     Type
                  1    wreg      void 
 Registers used:
		None
 Tracked objects:
		On entry : 
		On exit  : 
		Unchanged: 
 Data sizes:     COMRAM   BANK0   BANK1   BANK2   BANK3   BANK4   BANK5   BANK6   BANK7
      Params:         0       0       0       0       0       0       0       0       0
      Locals:         0       0       0       0       0       0       0       0       0
      Temps:          0       0       0       0       0       0       0       0       0
      Totals:         0       0       0       0       0       0       0       0       0
Total ram usage:        0 bytes
 Hardware stack levels used:    1
 Hardware stack levels required when called:    2
 This function calls:
		Nothing
 This function is called by:
		_i2c_mestre_escreve
		_i2c_ler
 This function uses a non-reentrant model


 *************** function _i2c_mestre_config *****************
 Defined at:
		line 4 in file "I2C.c"
 Parameters:    Size  Location     Type
		None
 Auto vars:     Size  Location     Type
		None
 Return value:  Size  Location     Type
                  1    wreg      void 
 Registers used:
		wreg, status,2
 Tracked objects:
		On entry : 
		On exit  : 
		Unchanged: 
 Data sizes:     COMRAM   BANK0   BANK1   BANK2   BANK3   BANK4   BANK5   BANK6   BANK7
      Params:         0       0       0       0       0       0       0       0       0
      Locals:         0       0       0       0       0       0       0       0       0
      Temps:          0       0       0       0       0       0       0       0       0
      Totals:         0       0       0       0       0       0       0       0       0
Total ram usage:        0 bytes
 Hardware stack levels used:    1
 Hardware stack levels required when called:    2
 This function calls:
		Nothing
 This function is called by:
		_main
 This function uses a non-reentrant model


 *************** function _myHighIsr *****************
 Defined at:
		line 22 in file "main.c"
 Parameters:    Size  Location     Type
		None
 Auto vars:     Size  Location     Type
		None
 Return value:  Size  Location     Type
                  1    wreg      void 
 Registers used:
		wreg, status,2, status,0, cstack
 Tracked objects:
		On entry : 
		On exit  : 
		Unchanged: 
 Data sizes:     COMRAM   BANK0   BANK1   BANK2   BANK3   BANK4   BANK5   BANK6   BANK7
      Params:         0       0       0       0       0       0       0       0       0
      Locals:         0       0       0       0       0       0       0       0       0
      Temps:          0       0       0       0       0       0       0       0       0
      Totals:         0       0       0       0       0       0       0       0       0
Total ram usage:        0 bytes
 Hardware stack levels used:    1
 Hardware stack levels required when called:    1
 This function calls:
		_pwm_dc
 This function is called by:
		Interrupt level 2
 This function uses a non-reentrant model


 *************** function _pwm_dc *****************
 Defined at:
		line 16 in file "pwm_funct.c"
 Parameters:    Size  Location     Type
  dc              2    0[COMRAM] int 
 Auto vars:     Size  Location     Type
		None
 Return value:  Size  Location     Type
                  1    wreg      void 
 Registers used:
		wreg, status,2, status,0
 Tracked objects:
		On entry : 
		On exit  : 
		Unchanged: 
 Data sizes:     COMRAM   BANK0   BANK1   BANK2   BANK3   BANK4   BANK5   BANK6   BANK7
      Params:         2       0       0       0       0       0       0       0       0
      Locals:         0       0       0       0       0       0       0       0       0
      Temps:          1       0       0       0       0       0       0       0       0
      Totals:         3       0       0       0       0       0       0       0       0
Total ram usage:        3 bytes
 Hardware stack levels used:    1
 This function calls:
		Nothing
 This function is called by:
		_myHighIsr
 This function uses a non-reentrant model



MODULE INFORMATION

Module		Function		Class		Link	Load	Size
C:\Program Files (x86)\Microchip\xc8\v2.10\pic\sources\c99\common\floorf.c
		_floorf        		CODE           	31F0	0000	535

C:\Program Files (x86)\Microchip\xc8\v2.10\pic\sources\c99\common\floorf.c estimated size: 535

C:\Program Files (x86)\Microchip\xc8\v2.10\pic\sources\c99\common\atoi.c
		_atoi          		CODE           	3406	0000	505

C:\Program Files (x86)\Microchip\xc8\v2.10\pic\sources\c99\common\atoi.c estimated size: 505

C:\Program Files (x86)\Microchip\xc8\v2.10\pic\sources\c99\common\fleq.c
		___fleq        		CODE           	4582	0000	171

C:\Program Files (x86)\Microchip\xc8\v2.10\pic\sources\c99\common\fleq.c estimated size: 171

C:\Program Files (x86)\Microchip\xc8\v2.10\pic\sources\c99\common\aodiv.c
		___aodiv       		CODE           	393E	0000	393

C:\Program Files (x86)\Microchip\xc8\v2.10\pic\sources\c99\common\aodiv.c estimated size: 393

uart.c
		_uart_init     		CODE           	4DE4	0000	19
		_uart_escreve_string		CODE           	4AE2	0000	65
		_uart_escreve_byte		CODE           	4D90	0000	23
		_uart_ler_string		CODE           	462C	0000	165

uart.c estimated size: 272

C:\Program Files (x86)\Microchip\xc8\v2.10\pic\sources\c99\common\xxtofl.c
		___xxtofl      		CODE           	35FE	0000	437

C:\Program Files (x86)\Microchip\xc8\v2.10\pic\sources\c99\common\xxtofl.c estimated size: 437

C:\Program Files (x86)\Microchip\xc8\v2.10\pic\sources\c99\common\sqrtf.c
		_sqrtf         		CODE           	19D8	0000	1219

C:\Program Files (x86)\Microchip\xc8\v2.10\pic\sources\c99\common\sqrtf.c estimated size: 1219

C:\Program Files (x86)\Microchip\xc8\v2.10\pic\sources\c99\common\awdiv.c
		___awdiv       		CODE           	434C	0000	197

C:\Program Files (x86)\Microchip\xc8\v2.10\pic\sources\c99\common\awdiv.c estimated size: 197

C:\Program Files (x86)\Microchip\xc8\v2.10\pic\sources\c99\common\isspace.c
		_isspace       		CODE           	49C2	0000	83

C:\Program Files (x86)\Microchip\xc8\v2.10\pic\sources\c99\common\isspace.c estimated size: 83

C:\Program Files (x86)\Microchip\xc8\v2.10\pic\sources\c99\common\fltol.c
		___fltol       		CODE           	3EA4	0000	263

C:\Program Files (x86)\Microchip\xc8\v2.10\pic\sources\c99\common\fltol.c estimated size: 263

C:\Program Files (x86)\Microchip\xc8\v2.10\pic\sources\c99\common\strlen.c
		_strlen        		CODE           	4C44	0000	55

C:\Program Files (x86)\Microchip\xc8\v2.10\pic\sources\c99\common\strlen.c estimated size: 55

C:\Program Files (x86)\Microchip\xc8\v2.10\pic\sources\c99\common\strcpy.c
		_strcpy        		CODE           	4914	0000	93

C:\Program Files (x86)\Microchip\xc8\v2.10\pic\sources\c99\common\strcpy.c estimated size: 93

I2C.c
		_i2c_ack       		CODE           	4DD0	0000	21
		_i2c_nack      		CODE           	4DBC	0000	21
		_i2c_ler       		CODE           	4B62	0000	59
		_i2c_mestre_config		CODE           	4D78	0000	25
		_i2c_pronto    		CODE           	4DF6	0000	19
		_i2c_init      		CODE           	4CAE	0000	47
		_i2c_mestre_para		CODE           	4DA6	0000	23
		_i2c_mestre_escreve		CODE           	4D24	0000	35
		_i2c_init_aguarda		CODE           	4A9E	0000	69

I2C.c estimated size: 319

C:\Program Files (x86)\Microchip\xc8\v2.10\pic\sources\c99\common\strncmp.c
		_strncmp       		CODE           	41AC	0000	215

C:\Program Files (x86)\Microchip\xc8\v2.10\pic\sources\c99\common\strncmp.c estimated size: 215

C:\Program Files (x86)\Microchip\xc8\v2.10\pic\sources\c99\common\tolower.c
		_tolower       		CODE           	48B4	0000	97

C:\Program Files (x86)\Microchip\xc8\v2.10\pic\sources\c99\common\tolower.c estimated size: 97

C:\Program Files (x86)\Microchip\xc8\v2.10\pic\sources\c99\common\sprcmul.c
		___flmul       		CODE           	235A	0000	1067

C:\Program Files (x86)\Microchip\xc8\v2.10\pic\sources\c99\common\sprcmul.c estimated size: 1067

C:\Program Files (x86)\Microchip\xc8\v2.10\pic\sources\c99\common\sprcdiv.c
		___fldiv       		CODE           	2B76	0000	923

C:\Program Files (x86)\Microchip\xc8\v2.10\pic\sources\c99\common\sprcdiv.c estimated size: 923

C:\Program Files (x86)\Microchip\xc8\v2.10\pic\sources\c99\common\doprnt.c
		_vfpfcnvrt     		CODE           	13E8	0000	1521
		_efgtoa        		CODE           	0836	0000	2995
		_pad           		CODE           	4410	0000	195
		_dtoa          		CODE           	2F10	0000	737
		_vfprintf      		CODE           	4852	0000	99

C:\Program Files (x86)\Microchip\xc8\v2.10\pic\sources\c99\common\doprnt.c estimated size: 5547

pwm_funct.c
		_pwm_config    		CODE           	4D60	0000	25
		_pwm_dc        		CODE           	476C	0000	133

pwm_funct.c estimated size: 158

C:\Program Files (x86)\Microchip\xc8\v2.10\pic\sources\c99\common\nf_fputs.c
		_fputs         		CODE           	4A5A	0000	69

C:\Program Files (x86)\Microchip\xc8\v2.10\pic\sources\c99\common\nf_fputs.c estimated size: 69

C:\Program Files (x86)\Microchip\xc8\v2.10\pic\sources\c99\common\asinf.c
		_asinf         		CODE           	2784	0000	1011
		_R             		CODE           	3AC6	0000	371

C:\Program Files (x86)\Microchip\xc8\v2.10\pic\sources\c99\common\asinf.c estimated size: 1382

C:\Program Files (x86)\Microchip\xc8\v2.10\pic\sources\c99\common\flge.c
		___flge        		CODE           	3FAA	0000	261

C:\Program Files (x86)\Microchip\xc8\v2.10\pic\sources\c99\common\flge.c estimated size: 261

C:\Program Files (x86)\Microchip\xc8\v2.10\pic\sources\c99\common\flneg.c
		___flneg       		CODE           	4C0C	0000	57

C:\Program Files (x86)\Microchip\xc8\v2.10\pic\sources\c99\common\flneg.c estimated size: 57

C:\Program Files (x86)\Microchip\xc8\v2.10\pic\sources\c99\common\fabsf.c
		_fabsf         		CODE           	4C7A	0000	53

C:\Program Files (x86)\Microchip\xc8\v2.10\pic\sources\c99\common\fabsf.c estimated size: 53

shared
		_pS0           		SMALLCONST     	0000	0000	0
		_pS1           		SMALLCONST     	0000	0000	0
		_qS1           		SMALLCONST     	0000	0000	0
		_pS2           		SMALLCONST     	0000	0000	0
		__initialization		CODE           	47F0	0000	85
		_pio2          		SMALLCONST     	0000	0000	0
		_tiny          		SMALLCONST     	0000	0000	0

shared estimated size: 85

C:\Program Files (x86)\Microchip\xc8\v2.10\pic\sources\c99\common\putch.c
		_putch         		CODE           	4E0E	0000	3

C:\Program Files (x86)\Microchip\xc8\v2.10\pic\sources\c99\common\putch.c estimated size: 3

C:\Program Files (x86)\Microchip\xc8\v2.10\pic\sources\c99\common\isdigit.c
		_isdigit       		CODE           	4BD4	0000	57

C:\Program Files (x86)\Microchip\xc8\v2.10\pic\sources\c99\common\isdigit.c estimated size: 57

C:\Program Files (x86)\Microchip\xc8\v2.10\pic\sources\c99\common\sprcadd.c
		___flsub       		CODE           	4A14	0000	71
		___fladd       		CODE           	1E9A	0000	1217

C:\Program Files (x86)\Microchip\xc8\v2.10\pic\sources\c99\common\sprcadd.c estimated size: 1288

C:\Program Files (x86)\Microchip\xc8\v2.10\pic\sources\c99\common\aomod.c
		___aomod       		CODE           	3C38	0000	357

C:\Program Files (x86)\Microchip\xc8\v2.10\pic\sources\c99\common\aomod.c estimated size: 357

C:\Program Files (x86)\Microchip\xc8\v2.10\pic\sources\c99\common\abs.c
		_abs           		CODE           	4B22	0000	65

C:\Program Files (x86)\Microchip\xc8\v2.10\pic\sources\c99\common\abs.c estimated size: 65

C:\Program Files (x86)\Microchip\xc8\v2.10\pic\sources\c99\common\nf_sprintf.c
		_sprintf       		CODE           	4970	0000	83

C:\Program Files (x86)\Microchip\xc8\v2.10\pic\sources\c99\common\nf_sprintf.c estimated size: 83

C:\Program Files (x86)\Microchip\xc8\v2.10\pic\sources\c99\common\Umul16.c
		___wmul        		CODE           	4CDC	0000	39

C:\Program Files (x86)\Microchip\xc8\v2.10\pic\sources\c99\common\Umul16.c estimated size: 39

mpu.c
		_mpu_ler       		CODE           	3D9C	0000	265
		_mpu_config    		CODE           	46D0	0000	157

mpu.c estimated size: 422

C:\Program Files (x86)\Microchip\xc8\v2.10\pic\sources\c99\common\awmod.c
		___awmod       		CODE           	44D2	0000	177

C:\Program Files (x86)\Microchip\xc8\v2.10\pic\sources\c99\common\awmod.c estimated size: 177

C:\Program Files (x86)\Microchip\xc8\v2.10\pic\sources\c99\common\nanf.c
		_nanf          		CODE           	4D02	0000	35

C:\Program Files (x86)\Microchip\xc8\v2.10\pic\sources\c99\common\nanf.c estimated size: 35

main.c
		_main          		CODE           	37B2	0000	397
		_myHighIsr     		CODE           	0008	0000	33

main.c estimated size: 430

C:\Program Files (x86)\Microchip\xc8\v2.10\pic\sources\c99\common\isupper.c
		_isupper       		CODE           	4B9C	0000	57

C:\Program Files (x86)\Microchip\xc8\v2.10\pic\sources\c99\common\isupper.c estimated size: 57

C:\Program Files (x86)\Microchip\xc8\v2.10\pic\sources\c99\common\__fpclassifyf.c
		___fpclassifyf 		CODE           	40AE	0000	255

C:\Program Files (x86)\Microchip\xc8\v2.10\pic\sources\c99\common\__fpclassifyf.c estimated size: 255

C:\Program Files (x86)\Microchip\xc8\v2.10\pic\sources\c99\common\nf_fputc.c
		_fputc         		CODE           	4282	0000	203

C:\Program Files (x86)\Microchip\xc8\v2.10\pic\sources\c99\common\nf_fputc.c estimated size: 203

